;
; SkoolKit ref file for Paradise Cafe by DAMATTA.
;
; This disassembly copyright (c) Pedro de Oliveira, 2013. <falsovsky@gmail.com>
;

[Config]
HtmlWriterClass=skoolkit.ParadiseCafe.ParadiseCafeHtmlWriter

[Info]
Release=The incomplete Paradise Café disassembly
Copyright=&copy; DAMATTA. Pedro de Oliveira.

[Game]
Game=Paradise Café
Logo=#SCR,2,2,25,13(/images/logo)
